.next/types/app/api/claim/route.ts(3,34): error TS7016: Could not find a declaration file for module 'next/server.js'. 'D:/Vorteke/node_modules/next/server.js' implicitly has an 'any' type.
.next/types/app/api/discovery/route.ts(3,34): error TS7016: Could not find a declaration file for module 'next/server.js'. 'D:/Vorteke/node_modules/next/server.js' implicitly has an 'any' type.
.next/types/app/api/enhancement/[address]/route.ts(3,34): error TS7016: Could not find a declaration file for module 'next/server.js'. 'D:/Vorteke/node_modules/next/server.js' implicitly has an 'any' type.
.next/types/app/api/pay/initiate/route.ts(3,34): error TS7016: Could not find a declaration file for module 'next/server.js'. 'D:/Vorteke/node_modules/next/server.js' implicitly has an 'any' type.
.next/types/app/api/pay/verify/route.ts(3,34): error TS7016: Could not find a declaration file for module 'next/server.js'. 'D:/Vorteke/node_modules/next/server.js' implicitly has an 'any' type.
.next/types/app/api/proxy/gecko/route.ts(3,34): error TS7016: Could not find a declaration file for module 'next/server.js'. 'D:/Vorteke/node_modules/next/server.js' implicitly has an 'any' type.
.next/types/app/api/tokens/route.ts(3,34): error TS7016: Could not find a declaration file for module 'next/server.js'. 'D:/Vorteke/node_modules/next/server.js' implicitly has an 'any' type.
.next/types/app/command/page.ts(3,59): error TS7016: Could not find a declaration file for module 'next/dist/lib/metadata/types/metadata-interface.js'. 'D:/Vorteke/node_modules/next/dist/lib/metadata/types/metadata-interface.js' implicitly has an 'any' type.
.next/types/app/elite/page.ts(3,59): error TS7016: Could not find a declaration file for module 'next/dist/lib/metadata/types/metadata-interface.js'. 'D:/Vorteke/node_modules/next/dist/lib/metadata/types/metadata-interface.js' implicitly has an 'any' type.
.next/types/app/page.ts(3,59): error TS7016: Could not find a declaration file for module 'next/dist/lib/metadata/types/metadata-interface.js'. 'D:/Vorteke/node_modules/next/dist/lib/metadata/types/metadata-interface.js' implicitly has an 'any' type.
.next/types/app/token/[address]/page.ts(3,59): error TS7016: Could not find a declaration file for module 'next/dist/lib/metadata/types/metadata-interface.js'. 'D:/Vorteke/node_modules/next/dist/lib/metadata/types/metadata-interface.js' implicitly has an 'any' type.
.next/types/app/token/page.ts(3,59): error TS7016: Could not find a declaration file for module 'next/dist/lib/metadata/types/metadata-interface.js'. 'D:/Vorteke/node_modules/next/dist/lib/metadata/types/metadata-interface.js' implicitly has an 'any' type.
src/app/api/claim/route.ts(1,43): error TS7016: Could not find a declaration file for module 'next/server'. 'D:/Vorteke/node_modules/next/server.js' implicitly has an 'any' type.
src/app/api/discovery/route.ts(1,43): error TS7016: Could not find a declaration file for module 'next/server'. 'D:/Vorteke/node_modules/next/server.js' implicitly has an 'any' type.
src/app/api/discovery/route.ts(29,17): error TS2769: No overload matches this call.
  Overload 1 of 2, '(input: string | Request | URL, init?: RequestInit | undefined): Promise<Response>', gave the following error.
    Object literal may only specify known properties, and 'next' does not exist in type 'RequestInit'.
  Overload 2 of 2, '(input: URL | RequestInfo, init?: RequestInit | undefined): Promise<Response>', gave the following error.
    Object literal may only specify known properties, and 'next' does not exist in type 'RequestInit'.
src/app/api/discovery/route.ts(66,25): error TS2769: No overload matches this call.
  Overload 1 of 2, '(input: string | Request | URL, init?: RequestInit | undefined): Promise<Response>', gave the following error.
    Object literal may only specify known properties, and 'next' does not exist in type 'RequestInit'.
  Overload 2 of 2, '(input: URL | RequestInfo, init?: RequestInit | undefined): Promise<Response>', gave the following error.
    Object literal may only specify known properties, and 'next' does not exist in type 'RequestInit'.
src/app/api/discovery/route.ts(100,17): error TS2769: No overload matches this call.
  Overload 1 of 2, '(input: string | Request | URL, init?: RequestInit | undefined): Promise<Response>', gave the following error.
    Object literal may only specify known properties, and 'next' does not exist in type 'RequestInit'.
  Overload 2 of 2, '(input: URL | RequestInfo, init?: RequestInit | undefined): Promise<Response>', gave the following error.
    Object literal may only specify known properties, and 'next' does not exist in type 'RequestInit'.
src/app/api/discovery/route.ts(138,21): error TS2769: No overload matches this call.
  Overload 1 of 2, '(input: string | Request | URL, init?: RequestInit | undefined): Promise<Response>', gave the following error.
    Object literal may only specify known properties, and 'next' does not exist in type 'RequestInit'.
  Overload 2 of 2, '(input: URL | RequestInfo, init?: RequestInit | undefined): Promise<Response>', gave the following error.
    Object literal may only specify known properties, and 'next' does not exist in type 'RequestInit'.
src/app/api/enhancement/[address]/route.ts(1,43): error TS7016: Could not find a declaration file for module 'next/server'. 'D:/Vorteke/node_modules/next/server.js' implicitly has an 'any' type.
src/app/api/pay/initiate/route.ts(1,43): error TS7016: Could not find a declaration file for module 'next/server'. 'D:/Vorteke/node_modules/next/server.js' implicitly has an 'any' type.
src/app/api/pay/verify/route.ts(1,43): error TS7016: Could not find a declaration file for module 'next/server'. 'D:/Vorteke/node_modules/next/server.js' implicitly has an 'any' type.
src/app/api/proxy/gecko/route.ts(1,43): error TS7016: Could not find a declaration file for module 'next/server'. 'D:/Vorteke/node_modules/next/server.js' implicitly has an 'any' type.
src/app/api/proxy/gecko/route.ts(28,13): error TS2769: No overload matches this call.
  Overload 1 of 2, '(input: string | Request | URL, init?: RequestInit | undefined): Promise<Response>', gave the following error.
    Object literal may only specify known properties, and 'next' does not exist in type 'RequestInit'.
  Overload 2 of 2, '(input: URL | RequestInfo, init?: RequestInit | undefined): Promise<Response>', gave the following error.
    Object literal may only specify known properties, and 'next' does not exist in type 'RequestInit'.
src/app/api/tokens/route.ts(1,43): error TS7016: Could not find a declaration file for module 'next/server'. 'D:/Vorteke/node_modules/next/server.js' implicitly has an 'any' type.
src/app/command/page.tsx(3,51): error TS7016: Could not find a declaration file for module 'lucide-react'. 'D:/Vorteke/node_modules/lucide-react/dist/cjs/lucide-react.js' implicitly has an 'any' type.
  Try `npm i --save-dev @types/lucide-react` if it exists or add a new declaration (.d.ts) file containing `declare module 'lucide-react';`
src/app/elite/page.tsx(4,27): error TS2307: Cannot find module 'next/navigation' or its corresponding type declarations.
src/app/elite/page.tsx(7,38): error TS7016: Could not find a declaration file for module 'lucide-react'. 'D:/Vorteke/node_modules/lucide-react/dist/cjs/lucide-react.js' implicitly has an 'any' type.
  Try `npm i --save-dev @types/lucide-react` if it exists or add a new declaration (.d.ts) file containing `declare module 'lucide-react';`
src/app/error.tsx(4,48): error TS7016: Could not find a declaration file for module 'lucide-react'. 'D:/Vorteke/node_modules/lucide-react/dist/cjs/lucide-react.js' implicitly has an 'any' type.
  Try `npm i --save-dev @types/lucide-react` if it exists or add a new declaration (.d.ts) file containing `declare module 'lucide-react';`
src/app/global-error.tsx(4,41): error TS7016: Could not find a declaration file for module 'lucide-react'. 'D:/Vorteke/node_modules/lucide-react/dist/cjs/lucide-react.js' implicitly has an 'any' type.
  Try `npm i --save-dev @types/lucide-react` if it exists or add a new declaration (.d.ts) file containing `declare module 'lucide-react';`
src/app/layout.tsx(1,31): error TS2307: Cannot find module 'next' or its corresponding type declarations.
src/app/page.tsx(3,27): error TS2307: Cannot find module 'next/navigation' or its corresponding type declarations.
src/app/page.tsx(7,148): error TS7016: Could not find a declaration file for module 'lucide-react'. 'D:/Vorteke/node_modules/lucide-react/dist/cjs/lucide-react.js' implicitly has an 'any' type.
  Try `npm i --save-dev @types/lucide-react` if it exists or add a new declaration (.d.ts) file containing `declare module 'lucide-react';`
src/app/robots.ts(1,31): error TS2307: Cannot find module 'next' or its corresponding type declarations.
src/app/sitemap.ts(1,31): error TS2307: Cannot find module 'next' or its corresponding type declarations.
src/app/token/[address]/page.tsx(1,26): error TS2307: Cannot find module 'next' or its corresponding type declarations.
src/app/token/page.tsx(1,45): error TS2307: Cannot find module 'next' or its corresponding type declarations.
src/app/token/TokenClientPage.tsx(3,27): error TS2307: Cannot find module 'next/navigation' or its corresponding type declarations.
src/app/token/TokenClientPage.tsx(10,8): error TS7016: Could not find a declaration file for module 'lucide-react'. 'D:/Vorteke/node_modules/lucide-react/dist/cjs/lucide-react.js' implicitly has an 'any' type.
  Try `npm i --save-dev @types/lucide-react` if it exists or add a new declaration (.d.ts) file containing `declare module 'lucide-react';`
src/app/token/TokenClientPage.tsx(11,21): error TS7016: Could not find a declaration file for module 'next/dynamic'. 'D:/Vorteke/node_modules/next/dynamic.js' implicitly has an 'any' type.
src/components/BundlePanel.tsx(3,48): error TS7016: Could not find a declaration file for module 'lucide-react'. 'D:/Vorteke/node_modules/lucide-react/dist/cjs/lucide-react.js' implicitly has an 'any' type.
  Try `npm i --save-dev @types/lucide-react` if it exists or add a new declaration (.d.ts) file containing `declare module 'lucide-react';`
src/components/DeepScanModal.tsx(3,67): error TS7016: Could not find a declaration file for module 'lucide-react'. 'D:/Vorteke/node_modules/lucide-react/dist/cjs/lucide-react.js' implicitly has an 'any' type.
  Try `npm i --save-dev @types/lucide-react` if it exists or add a new declaration (.d.ts) file containing `declare module 'lucide-react';`
src/components/DeveloperControlPanel.tsx(3,75): error TS7016: Could not find a declaration file for module 'lucide-react'. 'D:/Vorteke/node_modules/lucide-react/dist/cjs/lucide-react.js' implicitly has an 'any' type.
  Try `npm i --save-dev @types/lucide-react` if it exists or add a new declaration (.d.ts) file containing `declare module 'lucide-react';`
src/components/EliteDashboard.tsx(3,51): error TS7016: Could not find a declaration file for module 'lucide-react'. 'D:/Vorteke/node_modules/lucide-react/dist/cjs/lucide-react.js' implicitly has an 'any' type.
  Try `npm i --save-dev @types/lucide-react` if it exists or add a new declaration (.d.ts) file containing `declare module 'lucide-react';`
src/components/EnhancementModal.tsx(3,71): error TS7016: Could not find a declaration file for module 'lucide-react'. 'D:/Vorteke/node_modules/lucide-react/dist/cjs/lucide-react.js' implicitly has an 'any' type.
  Try `npm i --save-dev @types/lucide-react` if it exists or add a new declaration (.d.ts) file containing `declare module 'lucide-react';`
src/components/GlobalNotification.tsx(3,44): error TS7016: Could not find a declaration file for module 'lucide-react'. 'D:/Vorteke/node_modules/lucide-react/dist/cjs/lucide-react.js' implicitly has an 'any' type.
  Try `npm i --save-dev @types/lucide-react` if it exists or add a new declaration (.d.ts) file containing `declare module 'lucide-react';`
src/components/MobileNav.tsx(3,40): error TS2307: Cannot find module 'next/navigation' or its corresponding type declarations.
src/components/MobileNav.tsx(4,54): error TS7016: Could not find a declaration file for module 'lucide-react'. 'D:/Vorteke/node_modules/lucide-react/dist/cjs/lucide-react.js' implicitly has an 'any' type.
  Try `npm i --save-dev @types/lucide-react` if it exists or add a new declaration (.d.ts) file containing `declare module 'lucide-react';`
src/components/ScreenerHeader.tsx(3,54): error TS7016: Could not find a declaration file for module 'lucide-react'. 'D:/Vorteke/node_modules/lucide-react/dist/cjs/lucide-react.js' implicitly has an 'any' type.
  Try `npm i --save-dev @types/lucide-react` if it exists or add a new declaration (.d.ts) file containing `declare module 'lucide-react';`
src/components/SwapPanel.tsx(4,69): error TS7016: Could not find a declaration file for module 'lucide-react'. 'D:/Vorteke/node_modules/lucide-react/dist/cjs/lucide-react.js' implicitly has an 'any' type.
  Try `npm i --save-dev @types/lucide-react` if it exists or add a new declaration (.d.ts) file containing `declare module 'lucide-react';`
src/components/UpdateMetadataModal.tsx(3,83): error TS7016: Could not find a declaration file for module 'lucide-react'. 'D:/Vorteke/node_modules/lucide-react/dist/cjs/lucide-react.js' implicitly has an 'any' type.
  Try `npm i --save-dev @types/lucide-react` if it exists or add a new declaration (.d.ts) file containing `declare module 'lucide-react';`
src/components/VortexVerdict.tsx(3,81): error TS7016: Could not find a declaration file for module 'lucide-react'. 'D:/Vorteke/node_modules/lucide-react/dist/cjs/lucide-react.js' implicitly has an 'any' type.
  Try `npm i --save-dev @types/lucide-react` if it exists or add a new declaration (.d.ts) file containing `declare module 'lucide-react';`
src/middleware.ts(1,30): error TS7016: Could not find a declaration file for module 'next/server'. 'D:/Vorteke/node_modules/next/server.js' implicitly has an 'any' type.
src/middleware.ts(2,34): error TS7016: Could not find a declaration file for module 'next/server'. 'D:/Vorteke/node_modules/next/server.js' implicitly has an 'any' type.
